15:56:59.855 INFO  java.lang.Appendable -- All tests run in Chrome Browser
15:57:00.808 INFO  manager.ListenerWD -- Navigate to-->https://telranedu.web.app/
15:57:01.482 INFO  java.lang.Appendable -- The link --->https://telranedu.web.app/home
15:57:01.558 INFO  manager.TestNGListener -- Start testing on date-->Mon Jun 01 15:57:01 IDT 2026
15:57:06.623 INFO  manager.ListenerWD -- before find element-->By.cssSelector: a[href='/login']
15:57:06.658 INFO  manager.ListenerWD -- after find element-->By.cssSelector: a[href='/login']
15:57:06.668 INFO  manager.ListenerWD -- before click element-->a
15:57:06.694 INFO  manager.ListenerWD -- Location of element-->atext-->LOGIN
15:57:06.813 INFO  manager.ListenerWD -- after click element-->a
15:57:06.814 INFO  manager.HelperBase -- open from by click on locator 'a[href='/login']'
15:57:06.815 INFO  manager.ListenerWD -- before find element-->By.name: email
15:57:06.850 INFO  manager.ListenerWD -- after find element-->By.name: email
15:57:06.865 INFO  manager.ListenerWD -- before click element-->input
15:57:06.895 INFO  manager.ListenerWD -- Location of element-->inputtext-->
15:57:06.985 INFO  manager.ListenerWD -- after click element-->input
15:57:07.027 INFO  manager.ListenerWD -- SendKeys-->
15:57:07.033 INFO  manager.ListenerWD -- SenKeys_TagName-->input
15:57:07.093 INFO  manager.ListenerWD -- SendKeys-->
15:57:07.100 INFO  manager.ListenerWD -- SenKeys_TagName-->input
15:57:07.135 INFO  manager.ListenerWD -- SendKeys-->
15:57:07.144 INFO  manager.ListenerWD -- SenKeys_TagName-->input
15:57:07.199 INFO  manager.ListenerWD -- before find element-->By.xpath: //input[@placeholder='Password']
15:57:07.229 INFO  manager.ListenerWD -- after find element-->By.xpath: //input[@placeholder='Password']
15:57:07.235 INFO  manager.ListenerWD -- before click element-->input
15:57:07.250 INFO  manager.ListenerWD -- Location of element-->inputtext-->
15:57:07.313 INFO  manager.ListenerWD -- after click element-->input
15:57:07.351 INFO  manager.ListenerWD -- SendKeys-->
15:57:07.359 INFO  manager.ListenerWD -- SenKeys_TagName-->input
15:57:07.398 INFO  manager.ListenerWD -- SendKeys-->
15:57:07.406 INFO  manager.ListenerWD -- SenKeys_TagName-->input
15:57:07.438 INFO  manager.ListenerWD -- SendKeys-->
15:57:07.445 INFO  manager.ListenerWD -- SenKeys_TagName-->input
15:57:07.490 INFO  manager.ListenerWD -- before find element-->By.xpath: //button[text()='Login']
15:57:07.532 INFO  manager.ListenerWD -- after find element-->By.xpath: //button[text()='Login']
15:57:07.539 INFO  manager.ListenerWD -- before click element-->button
15:57:07.553 INFO  manager.ListenerWD -- Location of element-->buttontext-->Login
15:57:07.667 INFO  tests.TestBase -- Name of test -->addNewContactWrongPhone
15:57:07.669 INFO  manager.TestNGListener -- Start tetst-->null
15:57:07.679 INFO  manager.ListenerWD -- before find element-->By.cssSelector: a[href = '/add']
15:57:08.600 INFO  manager.ListenerWD -- after find element-->By.cssSelector: a[href = '/add']
15:57:08.611 INFO  manager.ListenerWD -- before click element-->a
15:57:08.625 INFO  manager.ListenerWD -- Location of element-->atext-->ADD
15:57:08.726 INFO  manager.ListenerWD -- after click element-->a
15:57:08.727 INFO  manager.ListenerWD -- before find element-->By.cssSelector: [placeholder = 'Name']
15:57:08.759 INFO  manager.ListenerWD -- after find element-->By.cssSelector: [placeholder = 'Name']
15:57:08.774 INFO  manager.ListenerWD -- before click element-->input
15:57:08.796 INFO  manager.ListenerWD -- Location of element-->inputtext-->
15:57:08.867 INFO  manager.ListenerWD -- after click element-->input
15:57:08.910 INFO  manager.ListenerWD -- SendKeys-->
15:57:08.919 INFO  manager.ListenerWD -- SenKeys_TagName-->input
15:57:08.957 INFO  manager.ListenerWD -- SendKeys-->
15:57:08.963 INFO  manager.ListenerWD -- SenKeys_TagName-->input
15:57:08.993 INFO  manager.ListenerWD -- SendKeys-->
15:57:08.998 INFO  manager.ListenerWD -- SenKeys_TagName-->input
15:57:09.024 INFO  manager.ListenerWD -- before find element-->By.cssSelector: [placeholder = 'Last Name']
15:57:09.041 INFO  manager.ListenerWD -- after find element-->By.cssSelector: [placeholder = 'Last Name']
15:57:09.048 INFO  manager.ListenerWD -- before click element-->input
15:57:09.059 INFO  manager.ListenerWD -- Location of element-->inputtext-->
15:57:09.122 INFO  manager.ListenerWD -- after click element-->input
15:57:09.150 INFO  manager.ListenerWD -- SendKeys-->
15:57:09.156 INFO  manager.ListenerWD -- SenKeys_TagName-->input
15:57:09.192 INFO  manager.ListenerWD -- SendKeys-->
15:57:09.201 INFO  manager.ListenerWD -- SenKeys_TagName-->input
15:57:09.260 INFO  manager.ListenerWD -- SendKeys-->
15:57:09.265 INFO  manager.ListenerWD -- SenKeys_TagName-->input
15:57:09.294 INFO  manager.ListenerWD -- before find element-->By.cssSelector: [placeholder = 'Phone']
15:57:09.331 INFO  manager.ListenerWD -- after find element-->By.cssSelector: [placeholder = 'Phone']
15:57:09.339 INFO  manager.ListenerWD -- before click element-->input
15:57:09.359 INFO  manager.ListenerWD -- Location of element-->inputtext-->
15:57:09.428 INFO  manager.ListenerWD -- after click element-->input
15:57:09.454 INFO  manager.ListenerWD -- SendKeys-->
15:57:09.458 INFO  manager.ListenerWD -- SenKeys_TagName-->input
15:57:09.495 INFO  manager.ListenerWD -- SendKeys-->
15:57:09.501 INFO  manager.ListenerWD -- SenKeys_TagName-->input
15:57:09.541 INFO  manager.ListenerWD -- SendKeys-->
15:57:09.548 INFO  manager.ListenerWD -- SenKeys_TagName-->input
15:57:09.578 INFO  manager.ListenerWD -- before find element-->By.cssSelector: [placeholder = 'email']
15:57:09.600 INFO  manager.ListenerWD -- after find element-->By.cssSelector: [placeholder = 'email']
15:57:09.608 INFO  manager.ListenerWD -- before click element-->input
15:57:09.619 INFO  manager.ListenerWD -- Location of element-->inputtext-->
15:57:09.667 INFO  manager.ListenerWD -- after click element-->input
15:57:09.691 INFO  manager.ListenerWD -- SendKeys-->
15:57:09.694 INFO  manager.ListenerWD -- SenKeys_TagName-->input
15:57:09.723 INFO  manager.ListenerWD -- SendKeys-->
15:57:09.727 INFO  manager.ListenerWD -- SenKeys_TagName-->input
15:57:09.752 INFO  manager.ListenerWD -- SendKeys-->
15:57:09.757 INFO  manager.ListenerWD -- SenKeys_TagName-->input
15:57:09.800 INFO  manager.ListenerWD -- before find element-->By.cssSelector: [placeholder = 'Address']
15:57:09.821 INFO  manager.ListenerWD -- after find element-->By.cssSelector: [placeholder = 'Address']
15:57:09.828 INFO  manager.ListenerWD -- before click element-->input
15:57:09.841 INFO  manager.ListenerWD -- Location of element-->inputtext-->
15:57:09.894 INFO  manager.ListenerWD -- after click element-->input
15:57:09.920 INFO  manager.ListenerWD -- SendKeys-->
15:57:09.923 INFO  manager.ListenerWD -- SenKeys_TagName-->input
15:57:09.949 INFO  manager.ListenerWD -- SendKeys-->
15:57:09.954 INFO  manager.ListenerWD -- SenKeys_TagName-->input
15:57:09.980 INFO  manager.ListenerWD -- SendKeys-->
15:57:09.985 INFO  manager.ListenerWD -- SenKeys_TagName-->input
15:57:10.025 INFO  manager.ListenerWD -- before find element-->By.cssSelector: [placeholder = 'description']
15:57:10.050 INFO  manager.ListenerWD -- after find element-->By.cssSelector: [placeholder = 'description']
15:57:10.057 INFO  manager.ListenerWD -- before click element-->input
15:57:10.076 INFO  manager.ListenerWD -- Location of element-->inputtext-->
15:57:10.126 INFO  manager.ListenerWD -- after click element-->input
15:57:10.146 INFO  manager.ListenerWD -- SendKeys-->
15:57:10.151 INFO  manager.ListenerWD -- SenKeys_TagName-->input
15:57:10.175 INFO  manager.ListenerWD -- SendKeys-->
15:57:10.178 INFO  manager.ListenerWD -- SenKeys_TagName-->input
15:57:10.205 INFO  manager.ListenerWD -- SendKeys-->
15:57:10.210 INFO  manager.ListenerWD -- SenKeys_TagName-->input
15:57:25.243 INFO  manager.ListenerWD -- before find element-->By.cssSelector: .add_form__2rsm2>button
15:57:25.266 INFO  manager.ListenerWD -- after find element-->By.cssSelector: .add_form__2rsm2>button
15:57:25.275 INFO  manager.ListenerWD -- before click element-->button
15:57:25.298 INFO  manager.ListenerWD -- Location of element-->buttontext-->Save
15:57:25.392 INFO  manager.ListenerWD -- after click element-->button
15:57:25.458 INFO  manager.ListenerWD -- Huston, we have a problem
15:57:25.460 INFO  manager.ListenerWD -- failed method: alert
15:57:25.460 INFO  manager.ListenerWD -- *********
15:57:25.465 INFO  manager.ListenerWD -- arguments: null
15:57:25.466 INFO  manager.ListenerWD -- *********
15:57:25.467 INFO  manager.ListenerWD -- Exception: NoAlertPresentException
15:57:25.467 INFO  manager.ListenerWD -- *********
15:57:25.468 INFO  manager.ListenerWD -- message: no such alert
  (Session info: chrome=148.0.7778.169)
Build info: version: '4.26.0', revision: '8ccf0219d7'
System info: os.name: 'Windows 11', os.arch: 'amd64', os.version: '10.0', java.version: '17.0.12'
Driver info: org.openqa.selenium.chrome.ChromeDriver
Command: [01ce74efb5ef09d9d6f0a96ff54b3e74, getAlertText {}]
Capabilities {acceptInsecureCerts: false, browserName: chrome, browserVersion: 148.0.7778.169, chrome: {chromedriverVersion: 147.0.7727.57 (b4f28b5637d0..., userDataDir: C:\Users\marus\AppData\Loca...}, fedcm:accounts: true, goog:chromeOptions: {debuggerAddress: localhost:59226}, goog:processID: 25588, networkConnectionEnabled: false, pageLoadStrategy: normal, platformName: windows, proxy: Proxy(), se:cdp: ws://localhost:59226/devtoo..., se:cdpVersion: 148.0.7778.169, setWindowRect: true, strictFileInteractability: false, timeouts: {implicit: 0, pageLoad: 300000, script: 30000}, unhandledPromptBehavior: dismiss and notify, webauthn:extension:credBlob: true, webauthn:extension:largeBlob: true, webauthn:extension:minPinLength: true, webauthn:extension:prf: true, webauthn:virtualAuthenticators: true}
Session ID: 01ce74efb5ef09d9d6f0a96ff54b3e74
15:57:25.475 INFO  manager.ListenerWD -- *********
15:57:25.475 INFO  manager.ListenerWD -- Screen with error is-->src/test/screenshots/screen_1380.png
15:57:28.028 INFO  manager.TestNGListener -- Success tetst-->addNewContactWrongPhone
15:57:28.032 INFO  tests.TestBase -- ------------------------------
15:57:28.034 INFO  tests.TestBase -- Name of test -->addNewContactWrongPhone
15:57:28.035 INFO  manager.TestNGListener -- Start tetst-->null
15:57:28.036 INFO  manager.ListenerWD -- before find element-->By.cssSelector: a[href = '/add']
15:57:28.148 INFO  manager.ListenerWD -- after find element-->By.cssSelector: a[href = '/add']
15:57:28.168 INFO  manager.ListenerWD -- before click element-->a
15:57:28.223 INFO  manager.ListenerWD -- Location of element-->atext-->ADD
15:57:28.392 INFO  manager.ListenerWD -- after click element-->a
15:57:28.392 INFO  manager.ListenerWD -- before find element-->By.cssSelector: [placeholder = 'Name']
15:57:28.437 INFO  manager.ListenerWD -- after find element-->By.cssSelector: [placeholder = 'Name']
15:57:28.484 INFO  manager.ListenerWD -- before click element-->input
15:57:28.616 INFO  manager.ListenerWD -- Location of element-->inputtext-->
15:57:28.883 INFO  manager.ListenerWD -- after click element-->input
15:57:28.939 INFO  manager.ListenerWD -- SendKeys-->
15:57:28.947 INFO  manager.ListenerWD -- SenKeys_TagName-->input
15:57:29.028 INFO  manager.ListenerWD -- SendKeys-->
15:57:29.035 INFO  manager.ListenerWD -- SenKeys_TagName-->input
15:57:29.085 INFO  manager.ListenerWD -- SendKeys-->
15:57:29.094 INFO  manager.ListenerWD -- SenKeys_TagName-->input
15:57:29.139 INFO  manager.ListenerWD -- before find element-->By.cssSelector: [placeholder = 'Last Name']
15:57:29.161 INFO  manager.ListenerWD -- after find element-->By.cssSelector: [placeholder = 'Last Name']
15:57:29.179 INFO  manager.ListenerWD -- before click element-->input
15:57:29.201 INFO  manager.ListenerWD -- Location of element-->inputtext-->
15:57:29.296 INFO  manager.ListenerWD -- after click element-->input
15:57:29.373 INFO  manager.ListenerWD -- SendKeys-->
15:57:29.381 INFO  manager.ListenerWD -- SenKeys_TagName-->input
15:57:29.543 INFO  manager.ListenerWD -- SendKeys-->
15:57:29.551 INFO  manager.ListenerWD -- SenKeys_TagName-->input
15:57:29.642 INFO  manager.ListenerWD -- SendKeys-->
15:57:29.680 INFO  manager.ListenerWD -- SenKeys_TagName-->input
15:57:29.842 INFO  manager.ListenerWD -- before find element-->By.cssSelector: [placeholder = 'Phone']
15:57:29.897 INFO  manager.ListenerWD -- after find element-->By.cssSelector: [placeholder = 'Phone']
15:57:29.910 INFO  manager.ListenerWD -- before click element-->input
15:57:29.935 INFO  manager.ListenerWD -- Location of element-->inputtext-->
15:57:30.046 INFO  manager.ListenerWD -- after click element-->input
15:57:30.091 INFO  manager.ListenerWD -- SendKeys-->
15:57:30.098 INFO  manager.ListenerWD -- SenKeys_TagName-->input
15:57:30.172 INFO  manager.ListenerWD -- SendKeys-->
15:57:30.183 INFO  manager.ListenerWD -- SenKeys_TagName-->input
15:57:30.287 INFO  manager.ListenerWD -- SendKeys-->
15:57:30.296 INFO  manager.ListenerWD -- SenKeys_TagName-->input
15:57:30.347 INFO  manager.ListenerWD -- before find element-->By.cssSelector: [placeholder = 'email']
15:57:30.448 INFO  manager.ListenerWD -- after find element-->By.cssSelector: [placeholder = 'email']
15:57:30.465 INFO  manager.ListenerWD -- before click element-->input
15:57:30.514 INFO  manager.ListenerWD -- Location of element-->inputtext-->
15:57:30.655 INFO  manager.ListenerWD -- after click element-->input
15:57:30.728 INFO  manager.ListenerWD -- SendKeys-->
15:57:30.748 INFO  manager.ListenerWD -- SenKeys_TagName-->input
15:57:30.827 INFO  manager.ListenerWD -- SendKeys-->
15:57:30.837 INFO  manager.ListenerWD -- SenKeys_TagName-->input
15:57:30.884 INFO  manager.ListenerWD -- SendKeys-->
15:57:30.891 INFO  manager.ListenerWD -- SenKeys_TagName-->input
15:57:30.980 INFO  manager.ListenerWD -- before find element-->By.cssSelector: [placeholder = 'Address']
15:57:31.009 INFO  manager.ListenerWD -- after find element-->By.cssSelector: [placeholder = 'Address']
15:57:31.026 INFO  manager.ListenerWD -- before click element-->input
15:57:31.060 INFO  manager.ListenerWD -- Location of element-->inputtext-->
15:57:31.150 INFO  manager.ListenerWD -- after click element-->input
15:57:31.196 INFO  manager.ListenerWD -- SendKeys-->
15:57:31.207 INFO  manager.ListenerWD -- SenKeys_TagName-->input
15:57:31.289 INFO  manager.ListenerWD -- SendKeys-->
15:57:31.325 INFO  manager.ListenerWD -- SenKeys_TagName-->input
15:57:31.362 INFO  manager.ListenerWD -- SendKeys-->
15:57:31.369 INFO  manager.ListenerWD -- SenKeys_TagName-->input
15:57:31.467 INFO  manager.ListenerWD -- before find element-->By.cssSelector: [placeholder = 'description']
15:57:31.537 INFO  manager.ListenerWD -- after find element-->By.cssSelector: [placeholder = 'description']
15:57:31.545 INFO  manager.ListenerWD -- before click element-->input
15:57:31.569 INFO  manager.ListenerWD -- Location of element-->inputtext-->
15:57:31.667 INFO  manager.ListenerWD -- after click element-->input
15:57:31.771 INFO  manager.ListenerWD -- SendKeys-->
15:57:31.796 INFO  manager.ListenerWD -- SenKeys_TagName-->input
15:57:31.867 INFO  manager.ListenerWD -- SendKeys-->
15:57:31.880 INFO  manager.ListenerWD -- SenKeys_TagName-->input
15:57:46.918 INFO  manager.ListenerWD -- before find element-->By.cssSelector: .add_form__2rsm2>button
15:57:46.981 INFO  manager.ListenerWD -- after find element-->By.cssSelector: .add_form__2rsm2>button
15:57:46.987 INFO  manager.ListenerWD -- before click element-->button
15:57:47.168 INFO  manager.ListenerWD -- Location of element-->buttontext-->Save
15:57:47.323 INFO  manager.ListenerWD -- after click element-->button
15:57:47.421 INFO  manager.ListenerWD -- Huston, we have a problem
15:57:47.424 INFO  manager.ListenerWD -- failed method: alert
15:57:47.425 INFO  manager.ListenerWD -- *********
15:57:47.425 INFO  manager.ListenerWD -- arguments: null
15:57:47.427 INFO  manager.ListenerWD -- *********
15:57:47.428 INFO  manager.ListenerWD -- Exception: NoAlertPresentException
15:57:47.428 INFO  manager.ListenerWD -- *********
15:57:47.438 INFO  manager.ListenerWD -- message: no such alert
  (Session info: chrome=148.0.7778.169)
Build info: version: '4.26.0', revision: '8ccf0219d7'
System info: os.name: 'Windows 11', os.arch: 'amd64', os.version: '10.0', java.version: '17.0.12'
Driver info: org.openqa.selenium.chrome.ChromeDriver
Command: [01ce74efb5ef09d9d6f0a96ff54b3e74, getAlertText {}]
Capabilities {acceptInsecureCerts: false, browserName: chrome, browserVersion: 148.0.7778.169, chrome: {chromedriverVersion: 147.0.7727.57 (b4f28b5637d0..., userDataDir: C:\Users\marus\AppData\Loca...}, fedcm:accounts: true, goog:chromeOptions: {debuggerAddress: localhost:59226}, goog:processID: 25588, networkConnectionEnabled: false, pageLoadStrategy: normal, platformName: windows, proxy: Proxy(), se:cdp: ws://localhost:59226/devtoo..., se:cdpVersion: 148.0.7778.169, setWindowRect: true, strictFileInteractability: false, timeouts: {implicit: 0, pageLoad: 300000, script: 30000}, unhandledPromptBehavior: dismiss and notify, webauthn:extension:credBlob: true, webauthn:extension:largeBlob: true, webauthn:extension:minPinLength: true, webauthn:extension:prf: true, webauthn:virtualAuthenticators: true}
Session ID: 01ce74efb5ef09d9d6f0a96ff54b3e74
15:57:47.440 INFO  manager.ListenerWD -- *********
15:57:47.440 INFO  manager.ListenerWD -- Screen with error is-->src/test/screenshots/screen_1819.png
15:57:50.028 INFO  manager.TestNGListener -- Success tetst-->addNewContactWrongPhone
15:57:50.034 INFO  tests.TestBase -- ------------------------------
15:57:50.038 INFO  tests.TestBase -- Name of test -->addNewContactWrongPhone
15:57:50.041 INFO  manager.TestNGListener -- Start tetst-->null
15:57:50.041 INFO  manager.ListenerWD -- before find element-->By.cssSelector: a[href = '/add']
15:57:50.059 INFO  manager.ListenerWD -- after find element-->By.cssSelector: a[href = '/add']
15:57:50.065 INFO  manager.ListenerWD -- before click element-->a
15:57:50.081 INFO  manager.ListenerWD -- Location of element-->atext-->ADD
15:57:50.264 INFO  manager.ListenerWD -- after click element-->a
15:57:50.265 INFO  manager.ListenerWD -- before find element-->By.cssSelector: [placeholder = 'Name']
15:57:50.291 INFO  manager.ListenerWD -- after find element-->By.cssSelector: [placeholder = 'Name']
15:57:50.301 INFO  manager.ListenerWD -- before click element-->input
15:57:50.314 INFO  manager.ListenerWD -- Location of element-->inputtext-->
15:57:50.385 INFO  manager.ListenerWD -- after click element-->input
15:57:50.416 INFO  manager.ListenerWD -- SendKeys-->
15:57:50.426 INFO  manager.ListenerWD -- SenKeys_TagName-->input
15:57:50.483 INFO  manager.ListenerWD -- SendKeys-->
15:57:50.486 INFO  manager.ListenerWD -- SenKeys_TagName-->input
15:57:50.513 INFO  manager.ListenerWD -- SendKeys-->
15:57:50.517 INFO  manager.ListenerWD -- SenKeys_TagName-->input
15:57:50.550 INFO  manager.ListenerWD -- before find element-->By.cssSelector: [placeholder = 'Last Name']
15:57:50.562 INFO  manager.ListenerWD -- after find element-->By.cssSelector: [placeholder = 'Last Name']
15:57:50.567 INFO  manager.ListenerWD -- before click element-->input
15:57:50.579 INFO  manager.ListenerWD -- Location of element-->inputtext-->
15:57:50.620 INFO  manager.ListenerWD -- after click element-->input
15:57:50.646 INFO  manager.ListenerWD -- SendKeys-->
15:57:50.651 INFO  manager.ListenerWD -- SenKeys_TagName-->input
15:57:50.707 INFO  manager.ListenerWD -- SendKeys-->
15:57:50.712 INFO  manager.ListenerWD -- SenKeys_TagName-->input
15:57:50.744 INFO  manager.ListenerWD -- SendKeys-->
15:57:50.748 INFO  manager.ListenerWD -- SenKeys_TagName-->input
15:57:50.777 INFO  manager.ListenerWD -- before find element-->By.cssSelector: [placeholder = 'Phone']
15:57:50.805 INFO  manager.ListenerWD -- after find element-->By.cssSelector: [placeholder = 'Phone']
15:57:50.810 INFO  manager.ListenerWD -- before click element-->input
15:57:50.821 INFO  manager.ListenerWD -- Location of element-->inputtext-->
15:57:50.874 INFO  manager.ListenerWD -- after click element-->input
15:57:50.900 INFO  manager.ListenerWD -- SendKeys-->
15:57:50.904 INFO  manager.ListenerWD -- SenKeys_TagName-->input
15:57:50.937 INFO  manager.ListenerWD -- SendKeys-->
15:57:50.942 INFO  manager.ListenerWD -- SenKeys_TagName-->input
15:57:50.965 INFO  manager.ListenerWD -- SendKeys-->
15:57:50.968 INFO  manager.ListenerWD -- SenKeys_TagName-->input
15:57:50.996 INFO  manager.ListenerWD -- before find element-->By.cssSelector: [placeholder = 'email']
15:57:51.011 INFO  manager.ListenerWD -- after find element-->By.cssSelector: [placeholder = 'email']
15:57:51.016 INFO  manager.ListenerWD -- before click element-->input
15:57:51.025 INFO  manager.ListenerWD -- Location of element-->inputtext-->
15:57:51.063 INFO  manager.ListenerWD -- after click element-->input
15:57:51.098 INFO  manager.ListenerWD -- SendKeys-->
15:57:51.102 INFO  manager.ListenerWD -- SenKeys_TagName-->input
15:57:51.143 INFO  manager.ListenerWD -- SendKeys-->
15:57:51.148 INFO  manager.ListenerWD -- SenKeys_TagName-->input
15:57:51.176 INFO  manager.ListenerWD -- SendKeys-->
15:57:51.180 INFO  manager.ListenerWD -- SenKeys_TagName-->input
15:57:51.223 INFO  manager.ListenerWD -- before find element-->By.cssSelector: [placeholder = 'Address']
15:57:51.234 INFO  manager.ListenerWD -- after find element-->By.cssSelector: [placeholder = 'Address']
15:57:51.243 INFO  manager.ListenerWD -- before click element-->input
15:57:51.252 INFO  manager.ListenerWD -- Location of element-->inputtext-->
15:57:51.297 INFO  manager.ListenerWD -- after click element-->input
15:57:51.316 INFO  manager.ListenerWD -- SendKeys-->
15:57:51.326 INFO  manager.ListenerWD -- SenKeys_TagName-->input
15:57:51.366 INFO  manager.ListenerWD -- SendKeys-->
15:57:51.368 INFO  manager.ListenerWD -- SenKeys_TagName-->input
15:57:51.394 INFO  manager.ListenerWD -- SendKeys-->
15:57:51.397 INFO  manager.ListenerWD -- SenKeys_TagName-->input
15:57:51.424 INFO  manager.ListenerWD -- before find element-->By.cssSelector: [placeholder = 'description']
15:57:51.441 INFO  manager.ListenerWD -- after find element-->By.cssSelector: [placeholder = 'description']
15:57:51.448 INFO  manager.ListenerWD -- before click element-->input
15:57:51.458 INFO  manager.ListenerWD -- Location of element-->inputtext-->
15:57:51.500 INFO  manager.ListenerWD -- after click element-->input
15:57:51.540 INFO  manager.ListenerWD -- SendKeys-->
15:57:51.544 INFO  manager.ListenerWD -- SenKeys_TagName-->input
15:57:51.569 INFO  manager.ListenerWD -- SendKeys-->
15:57:51.575 INFO  manager.ListenerWD -- SenKeys_TagName-->input
15:58:06.603 INFO  manager.ListenerWD -- before find element-->By.cssSelector: .add_form__2rsm2>button
15:58:06.618 INFO  manager.ListenerWD -- after find element-->By.cssSelector: .add_form__2rsm2>button
15:58:06.626 INFO  manager.ListenerWD -- before click element-->button
15:58:06.639 INFO  manager.ListenerWD -- Location of element-->buttontext-->Save
15:58:06.693 INFO  manager.ListenerWD -- after click element-->button
15:58:06.717 INFO  manager.ListenerWD -- Huston, we have a problem
15:58:06.718 INFO  manager.ListenerWD -- failed method: alert
15:58:06.718 INFO  manager.ListenerWD -- *********
15:58:06.718 INFO  manager.ListenerWD -- arguments: null
15:58:06.718 INFO  manager.ListenerWD -- *********
15:58:06.719 INFO  manager.ListenerWD -- Exception: NoAlertPresentException
15:58:06.721 INFO  manager.ListenerWD -- *********
15:58:06.721 INFO  manager.ListenerWD -- message: no such alert
  (Session info: chrome=148.0.7778.169)
Build info: version: '4.26.0', revision: '8ccf0219d7'
System info: os.name: 'Windows 11', os.arch: 'amd64', os.version: '10.0', java.version: '17.0.12'
Driver info: org.openqa.selenium.chrome.ChromeDriver
Command: [01ce74efb5ef09d9d6f0a96ff54b3e74, getAlertText {}]
Capabilities {acceptInsecureCerts: false, browserName: chrome, browserVersion: 148.0.7778.169, chrome: {chromedriverVersion: 147.0.7727.57 (b4f28b5637d0..., userDataDir: C:\Users\marus\AppData\Loca...}, fedcm:accounts: true, goog:chromeOptions: {debuggerAddress: localhost:59226}, goog:processID: 25588, networkConnectionEnabled: false, pageLoadStrategy: normal, platformName: windows, proxy: Proxy(), se:cdp: ws://localhost:59226/devtoo..., se:cdpVersion: 148.0.7778.169, setWindowRect: true, strictFileInteractability: false, timeouts: {implicit: 0, pageLoad: 300000, script: 30000}, unhandledPromptBehavior: dismiss and notify, webauthn:extension:credBlob: true, webauthn:extension:largeBlob: true, webauthn:extension:minPinLength: true, webauthn:extension:prf: true, webauthn:virtualAuthenticators: true}
Session ID: 01ce74efb5ef09d9d6f0a96ff54b3e74
15:58:06.724 INFO  manager.ListenerWD -- *********
15:58:06.726 INFO  manager.ListenerWD -- Screen with error is-->src/test/screenshots/screen_1482.png
15:58:09.261 INFO  manager.TestNGListener -- Success tetst-->addNewContactWrongPhone
15:58:09.262 INFO  tests.TestBase -- ------------------------------
15:58:09.293 INFO  manager.TestNGListener -- Stop testing on date-->Mon Jun 01 15:58:09 IDT 2026
